// Jest Snapshot v1, https://goo.gl/fbAQLP

exports[`ContentsList match snapshot 1`] = `
.c0 {
  display: flex;
  flex-direction: column;
  justify-content: flex-start;
  align-items: center;
  width: 100%;
  background-color: rgb(17,17,20);
  padding: 40px;
  gap: 20px;
  max-width: 1000px;
}

.c1 {
  display: flex;
  flex-direction: column;
  justify-content: flex-start;
  align-items: flex-start;
  border: 1px solid rgb(46,48,51);
  position: relative;
  border-radius: 15px;
  transition: background-color 0.3s;
  width: 100%;
  height: 100px;
  padding: 10px;
  background-color: transparent;
}

.c1::before,
.c1::after {
  content: "";
  border-radius: 2px;
  width: 5px;
  height: 40px;
  position: absolute;
  top: 50%;
  left: 50%;
  background-color: rgb(46,48,51);
  transform: translate(-50%,-50%);
}

.c1::before {
  width: 40px;
  height: 5px;
}

.c1:hover {
  background-color: rgb(33,33,36);
  cursor: pointer;
}

.c2 {
  display: flex;
  flex-direction: column;
  justify-content: flex-start;
  align-items: flex-start;
  border: 1px solid rgb(46,48,51);
  border-radius: 15px;
  transition: background-color 0.3s;
  width: 100%;
  height: 100px;
  padding: 10px;
}

.c2:hover {
  background-color: rgb(33,33,36);
  cursor: pointer;
}

.c3 {
  color: #9aa0a6;
  font-size: 1.25rem;
}

.c4 {
  color: #bdc1c6;
  font-size: 1.25rem;
}

<div>
  <div
    class="c0"
  >
    <button
      class="c1"
    />
    <a
      href="/contents/1"
      style="display: contents;"
    >
      <div
        class="c2"
      >
        <span
          class="c3"
        >
          title
        </span>
        <p
          class="c4"
        >
          summary
        </p>
      </div>
    </a>
  </div>
</div>
`;
