// Jest Snapshot v1, https://goo.gl/fbAQLP

exports[`BoardPage match snapshot  1`] = `
.c0 {
  display: flex;
  flex-direction: column;
  justify-content: flex-start;
  align-items: center;
  width: 100%;
  min-height: 100%;
  background-color: rgb(17,17,20);
  padding: 40px;
}

.c1 {
  font-size: 2.5rem;
  color: white;
  margin-bottom: 60px;
}

<div>
  <div
    class="c0"
  >
    <h1
      class="c1"
    >
      Content Lists
    </h1>
  </div>
</div>
`;
