// Jest Snapshot v1, https://goo.gl/fbAQLP

exports[`EditorPage match snapshot  1`] = `
.c0 {
  display: flex;
  flex-direction: column;
  justify-content: flex-start;
  align-items: center;
  width: 100%;
  min-height: 100%;
  background-color: rgb(17,17,20);
  padding: 40px;
  padding-top: 60px;
}

.c1 {
  display: flex;
  flex-direction: column;
  justify-content: flex-start;
  align-items: flex-start;
  width: 100%;
  max-width: 1000px;
}

<div>
  <div
    class="c0"
  >
    <div
      class="c1"
    />
  </div>
</div>
`;
