// Jest Snapshot v1, https://goo.gl/fbAQLP

exports[`ContentViewer match snapshot  1`] = `
.c0 {
  display: flex;
  flex-direction: column;
  justify-content: flex-start;
  align-items: center;
  width: 100%;
  min-height: 700px;
  border: 2px solid rgb(46,48,51);
  border-radius: 10px;
}

.c1 {
  display: flex;
  flex-direction: row;
  justify-content: space-between;
  align-items: center;
  height: 50px;
  width: 100%;
  padding: 0px 10px;
  border-bottom: 1px solid rgb(46,48,51);
}

.c2 {
  color: #bdc1c6;
  font-size: 1rem;
}

.c3 {
  display: flex;
  flex-direction: row;
  justify-content: flex-start;
  align-items: center;
  gap: 10px;
}

.c4 {
  background-color: transparent;
  border: none;
  color: #9aa0a6;
}

.c5 {
  background-color: transparent;
  border: none;
  color: palevioletred;
}

.c6 {
  padding: 10px;
  color: #9aa0a6;
  width: 100%;
  flex-grow: 1;
}

<div>
  <div
    class="c0"
  >
    <div
      class="c1"
    >
      <span
        class="c2"
      >
        2020-02-01
      </span>
      <div
        class="c3"
      >
        <button
          class="c4"
          color="plain"
        >
          수정
        </button>
        <button
          class="c5"
          color="red"
        >
          삭제
        </button>
      </div>
    </div>
    <p
      class="c6"
    >
      ARTICLE
    </p>
  </div>
</div>
`;
