// Jest Snapshot v1, https://goo.gl/fbAQLP

exports[`CommentListItem match snapshot 1`] = `
.c1 {
  width: 100%;
  height: 100%;
  fill: transparent;
  stroke: white;
  stroke-width: 2px;
  transform-origin: center;
  stroke-dasharray: 301.59289474462014;
  animation: ieKHan 2s infinite ease-in-out alternate;
}

.c0 {
  width: 100px;
  height: 100px;
  max-width: 100%;
  max-height: 100%;
  margin: 0 auto;
}

<div>
  <svg
    class="c0"
    viewBox="0 0 100 100"
  >
    <circle
      class="c1"
      cx="50"
      cy="50"
      r="48"
    />
  </svg>
</div>
`;
