// Jest Snapshot v1, https://goo.gl/fbAQLP

exports[`CommentEditor match snapshot 1`] = `
.c0 {
  display: flex;
  flex-direction: row;
  justify-content: flex-start;
  align-items: flex-start;
  width: 100%;
  height: 100%;
  gap: 20px;
  flex-grow: 1;
  padding: 20px;
}

.c1 {
  width: 100%;
  height: 100%;
  border-radius: 10px;
  background-color: transparent;
  outline: none;
  resize: none;
  padding: 10px;
  font-size: 1rem;
  color: #9aa0a6;
  background-color: rgb(33,33,36);
  cursor: text;
}

.c1 div[contenteditable=true] {
  outline: none;
}

.c2 {
  width: 100px;
  height: 100%;
  border: 2px solid rgb(46,48,51);
  border-radius: 10px;
  background-color: transparent;
  font-size: 1.25rem;
  color: white;
  transition: all 0.5s;
}

.c2:disabled {
  color: #bdc1c6;
  cursor: not-allowed;
}

<div>
  <div
    class="c0"
  >
    <div
      class="c1"
    >
      <div
        contenteditable="true"
      >
        ARTICLE
      </div>
    </div>
    <button
      class="c2"
    >
      쓰기
    </button>
  </div>
</div>
`;
