// Jest Snapshot v1, https://goo.gl/fbAQLP

exports[`ContentEditor match snapshot 1`] = `
.c0 {
  display: flex;
  flex-direction: column;
  justify-content: flex-start;
  align-items: center;
  width: 100%;
  min-height: 100%;
  background-color: rgb(17,17,20);
  padding: 40px;
  padding-top: 60px;
}

.c1 {
  width: 100%;
  color: white;
  font-size: 2.5rem;
  margin-bottom: 20px;
  height: 2.5rem;
  background-color: transparent;
  outline: none;
  border: none;
}

.c2 {
  width: 100%;
  min-height: 700px;
  border: 2px solid rgb(46,48,51);
  border-radius: 10px;
  background-color: transparent;
  outline: none;
  resize: none;
  padding: 10px;
  font-size: 1rem;
  color: #9aa0a6;
  cursor: text;
}

.c2 div[contenteditable=true] {
  outline: none;
}

.c3 {
  width: 100%;
  height: 50px;
  border: 2px solid rgb(46,48,51);
  border-radius: 10px;
  margin-top: 15px;
  background-color: transparent;
  font-size: 1.25rem;
  color: white;
  transition: all 0.5s;
}

.c3:disabled {
  color: #bdc1c6;
  cursor: not-allowed;
}

<div>
  <div
    class="c0"
  >
    <input
      class="c1"
      placeholder="제목을 입력하세요"
      value="TITLE"
    />
    <div
      class="c2"
    >
      <div
        contenteditable="true"
      >
        ARTICLE
      </div>
    </div>
    <button
      class="c3"
      disabled=""
    >
      저장
    </button>
  </div>
</div>
`;
